// Vitest Snapshot v1, https://vitest.dev/guide/snapshot.html

exports[`Basic > Nothing 1`] = `"eyJ0eXAiOiJKV1QiLCJhbGciOiJSUzI1NiIsImtpZCI6ImNYc2hWTndTdkRaOCJ9.eyJzdWIiOiJtZSIsImNhcCI6eyJ0ZWFtOjEyMyI6WyJyZWFkIiwicHVibGlzaCJdfSwiaWF0IjoxNjA5NDU5MjAwLCJleHAiOjE2MDk0NTkyMzB9.Loky1NktDe4flcm8xEQmE0nSM1qjnGprvRmT_6VjS4YU97K2OK8rHEwV_TbUpH9pcFT_DJoggQbPvZgk6NFWuKQQaMY74tGap8F4Lx7ZjCFzqbQoFUSVEguG57S5_JFfv-Sypfwi6MsA39V2l801fF_lhPjZhmXH_c_sw2m87bVzlZCEyOCcuTg-6BIex_0eLMZp8lEwssVZIvs199GoowKsKAvZF8rPZ82W92UaRvBPwIzdA8H2yVzJmpi358VIagfF19NroZiO0-Ubc7iWAl_hIWaxTrrUByxuSvqjrHfsuzIU3NRLEUvxLsuIIgMSvCKjZwfoE-bZi4OffnfXiA"`;
